HI-TECH Software C Compiler 

Linker command line:

--edf=c:\program files (x86)\fmd\fmdide\data\dat\en_msgs.txt -cs \
  -h+lt6601_democode.sym -z -Q16F685 -ol.obj -Mlt6601_democode.map -E1 \
  -ACONST=00h-0FFhx8 -ACODE=00h-07FFh -ASTRCODE=00h-07FFh \
  -AENTRY=00h-0FFhx8 -ASTRING=00h-0FFhx8 -ABANK0=020h-06Fh \
  -ABANK1=0A0h-0BFh -ARAM=020h-06Fh,0A0h-0BFh -AABS1=020h-07Fh,0A0h-0BFh \
  -ACOMMON=070h-07Fh -ASFR0=00h-01Fh -ASFR1=080h-09Fh -ASFR2=0100h-016Fh \
  -preset_vec=00h,intentry=04h,init,end_init -ppowerup=CODE -pfunctab=CODE \
  -ACONFIG=02007h-02007h -pconfig=CONFIG -DCONFIG=2 -AIDLOC=02000h-02003h \
  -pidloc=IDLOC -DIDLOC=2 -AEEDATA=00h-0FFh/02100h -peeprom_data=EEDATA \
  -DEEDATA=2 -DCODE=2 -DSTRCODE=2 -DSTRING=2 -DCONST=2 -DENTRY=2 -k \
  startup.obj lt6601_democode.obj 

Object code version is 3.10

Machine type is 16F685



                Name                               Link     Load   Length Selector   Space Scale
startup.obj     end_init                              A        A        1        8       0
                reset_vec                             0        0        1        0       0
lt6601_democode.obj
                intentry                              4        4        6        8       0
                text817                             3C4      3C4       22      1D8       0
                text816                             32A      32A       2A      1D8       0
                text815                             47B      47B       14      1D8       0
                text814                             354      354       27      1D8       0
                text813                             48F      48F       13      1D8       0
                text812                             467      467       14      1D8       0
                text811                             3A0      3A0       24      1D8       0
                text810                             25C      25C       3E      1D8       0
                text809                             21B      21B       41      1D8       0
                text808                             509      509        A      9FC       0
                text807                             4FE      4FE        B      9FC       0
                text806                             3E6      3E6       1E      1D8       0
                text805                             452      452       15      1D8       0
                text804                              EC       EC       9A      1D8       0
                text803                             2FD      2FD       2D      1D8       0
                swtext1                             4F2      4F2        C      9E4       0
                text802                             186      186       4C      1D8       0
                text801                             51B      51B        7      9FC       0
                text800                             528      528        6      9FC       0
                text799                             522      522        6      9FC       0
                text798                             4C5      4C5       10      1D8       0
                text797                             29A      29A       32      1D8       0
                text796                             2CC      2CC       31      1D8       0
                text795                             37B      37B       25      1D8       0
                text794                             4A2      4A2       12      1D8       0
                text793                             404      404       1C      1D8       0
                text792                             1D2      1D2       49      1D8       0
                text791                             4E4      4E4        E      1D8       0
                maintext                            43A      43A       18      1D8       0
                cstackBANK0                          5D       5D        E       20       1
                cstackCOMMON                         70       70        B       70       1
                inittext                            4D5      4D5        F      1D8       0
                clrtext                             513      513        8      9FC       0
                dataBANK0                            43       43       1A       20       1
                bssBANK0                             20       20       23       20       1
                bssCOMMON                            7B       7B        1       70       1
                cinit                               4B4      4B4       11      1D8       0
                strings                               B        B       E1       16       0
                idataBANK0                          420      420       1A      1D8       0

TOTAL           Name                               Link     Load   Length     Space
        CLASS   CONST          
                swtext1                             4F2      4F2        C         0

        CLASS   CODE           
                end_init                              A        A        1         0
                intentry                              4        4        6         0
                reset_vec                             0        0        1         0
                text817                             3C4      3C4       22         0
                text816                             32A      32A       2A         0
                text815                             47B      47B       14         0
                text814                             354      354       27         0
                text813                             48F      48F       13         0
                text812                             467      467       14         0
                text811                             3A0      3A0       24         0
                text810                             25C      25C       3E         0
                text809                             21B      21B       41         0
                text808                             509      509        A         0
                text807                             4FE      4FE        B         0
                text806                             3E6      3E6       1E         0
                text805                             452      452       15         0
                text804                              EC       EC       9A         0
                text803                             2FD      2FD       2D         0
                text802                             186      186       4C         0
                text801                             51B      51B        7         0
                text800                             528      528        6         0
                text799                             522      522        6         0
                text798                             4C5      4C5       10         0
                text797                             29A      29A       32         0
                text796                             2CC      2CC       31         0
                text795                             37B      37B       25         0
                text794                             4A2      4A2       12         0
                text793                             404      404       1C         0
                text792                             1D2      1D2       49         0
                text791                             4E4      4E4        E         0
                maintext                            43A      43A       18         0
                inittext                            4D5      4D5        F         0
                clrtext                             513      513        8         0
                cinit                               4B4      4B4       11         0
                idataBANK0                          420      420       1A         0

        CLASS   STRCODE        

        CLASS   ENTRY          

        CLASS   STRING         
                strings                               B        B       E1         0

        CLASS   BANK0          
                cstackBANK0                          5D       5D        E         1
                dataBANK0                            43       43       1A         1
                bssBANK0                             20       20       23         1

        CLASS   BANK1          

        CLASS   RAM            

        CLASS   ABS1           
                abs_s1                               7E       7E        2         1
                abs_s1                              18C      18C        1         1
                abs_s1                              19D      19D        2         1

        CLASS   COMMON         
                cstackCOMMON                         70       70        B         1
                bssCOMMON                            7B       7B        1         1

        CLASS   SFR0           

        CLASS   SFR1           

        CLASS   SFR2           

        CLASS   CONFIG         

        CLASS   IDLOC          

        CLASS   EEDATA         

        CLASS   BANK2          



SEGMENTS        Name                           Load    Length   Top    Selector   Space  Class     Delta

                reset_vec                      000000  000001  000001         0       0  CODE        2
                intentry                       000004  000007  00000B         8       0  CODE        2
                strings                        00000B  0000E1  0000EC        16       0  STRING      2
                bssBANK0                       000020  00004B  00006B        20       1  BANK0       1
                cstackCOMMON                   000070  00000C  00007C        70       1  COMMON      1
                text804                        0000EC  000406  0004F2       1D8       0  CODE        2
                swtext1                        0004F2  00000C  0004FE       9E4       0  CONST       2
                text807                        0004FE  000030  00052E       9FC       0  CODE        2


UNUSED ADDRESS RANGES

        Name                Unused          Largest block    Delta
        BANK0            06B-06F             5           1
        BANK1            0A0-0BF            20           1
        CODE             001-003             3           2
                         52E-7FF           2D2
        COMMON           07C-07D             2           1
        CONFIG           2007-2007             1           2
        CONST            001-003             3           2
                         52E-7FF           100
        EEDATA           2100-21FF           100           2
        ENTRY            001-003             3           2
                         52E-7FF           100
        IDLOC            2000-2003             4           2
        RAM              06B-06F             5           1
                         0A0-0BF            20
        SFR0             000-01F            20           1
        SFR1             080-09F            20           1
        SFR2             100-16F            70           1
        STRCODE          001-003             3           2
                         52E-7FF           2D2
        STRING           001-003             3           2
                         52E-7FF           100

                                  Symbol Table

??_DELAY_MS                        cstackCOMMON 072
??_ISR                             cstackCOMMON 070
??_Init                            cstackCOMMON 072
??_LT8920_ble_rx                   cstackCOMMON 07B
??_LT8920_ble_rx_enable            cstackCOMMON 07A
??_LT8920_ble_rx_start             cstackCOMMON 07A
??_LT8920_ble_to_localdata         cstackCOMMON 075
??_LT8920_ble_tx                   cstackCOMMON 07B
??_LT8920_ble_tx_enable            cstackCOMMON 07A
??_LT8920_ble_tx_start             cstackCOMMON 07B
??_LT8920_ble_write_reg            cstackCOMMON 079
??_LT8920_pdudata_white            cstackCOMMON 074
??_LT8920_read_ble_fifo            cstackCOMMON 07B
??_LT8920_write_ble_fifo           cstackCOMMON 07A
??_LT89XX_INIT                     cstackCOMMON 077
??_LT89xx_ModeSet                  cstackCOMMON 077
??_LT_ReadBUF_ble                  cstackCOMMON 076
??_LT_ReadReg                      cstackCOMMON 074
??_LT_WriteBUF_ble                 cstackCOMMON 076
??_LT_WriteReg                     cstackCOMMON 076
??_SPI_ReadByte                    cstackCOMMON 072
??_SPI_SendByte                    cstackCOMMON 072
??_ble_chanel_scan                 cstackCOMMON 07B
??_ble_read_fifo                   cstackCOMMON 07B
??_check_sum                       cstackCOMMON 073
??_get_crc                         cstackBANK0  05D
??_main                            cstackCOMMON 07B
??_roll_data                       cstackCOMMON 072
?_DELAY_MS                         cstackCOMMON 070
?_ISR                              cstackCOMMON 070
?_Init                             cstackCOMMON 070
?_LT8920_ble_rx                    cstackCOMMON 070
?_LT8920_ble_rx_enable             cstackCOMMON 070
?_LT8920_ble_rx_start              cstackCOMMON 070
?_LT8920_ble_to_localdata          cstackCOMMON 072
?_LT8920_ble_tx                    cstackCOMMON 070
?_LT8920_ble_tx_enable             cstackCOMMON 070
?_LT8920_ble_tx_start              cstackBANK0  068
?_LT8920_ble_write_reg             cstackCOMMON 077
?_LT8920_pdudata_white             cstackCOMMON 072
?_LT8920_read_ble_fifo             cstackBANK0  05F
?_LT8920_write_ble_fifo            cstackCOMMON 079
?_LT89XX_INIT                      cstackCOMMON 070
?_LT89xx_ModeSet                   cstackCOMMON 070
?_LT_ReadBUF_ble                   cstackCOMMON 074
?_LT_ReadReg                       cstackCOMMON 070
?_LT_WriteBUF_ble                  cstackCOMMON 074
?_LT_WriteReg                      cstackCOMMON 074
?_SPI_ReadByte                     cstackCOMMON 070
?_SPI_SendByte                     cstackCOMMON 070
?_ble_chanel_scan                  cstackCOMMON 070
?_ble_read_fifo                    cstackCOMMON 07A
?_check_sum                        cstackCOMMON 072
?_get_crc                          cstackCOMMON 076
?_main                             cstackCOMMON 070
?_roll_data                        cstackCOMMON 070
DELAY_MS@Tms                       cstackCOMMON 074
DELAY_MS@dly                       cstackCOMMON 072
LT8920_ble_rx@i                    cstackBANK0  064
LT8920_ble_rx_start@chanel         cstackCOMMON 07A
LT8920_ble_to_localdata@ADVDATA    cstackCOMMON 072
LT8920_ble_to_localdata@adv_offset cstackCOMMON 074
LT8920_ble_to_localdata@chanel     cstackBANK0  05D
LT8920_ble_to_localdata@i          cstackBANK0  05E
LT8920_ble_to_localdata@len        cstackCOMMON 073
LT8920_ble_tx_start@PDUDATA        cstackBANK0  068
LT8920_ble_tx_start@chanel         cstackBANK0  06A
LT8920_ble_tx_start@len            cstackBANK0  069
LT8920_ble_write_reg@first         cstackCOMMON 077
LT8920_ble_write_reg@reg           cstackCOMMON 079
LT8920_ble_write_reg@second        cstackCOMMON 078
LT8920_pdudata_white@PDUDATA       cstackCOMMON 072
LT8920_pdudata_white@chanel        cstackCOMMON 078
LT8920_pdudata_white@i             cstackCOMMON 079
LT8920_pdudata_white@len           cstackCOMMON 073
LT8920_read_ble_fifo@RXADVDATA     cstackBANK0  05F
LT8920_read_ble_fifo@chanel        cstackBANK0  061
LT8920_read_ble_fifo@len           cstackBANK0  060
LT8920_write_ble_fifo@len          cstackCOMMON 079
LT8920_write_ble_fifo@txdata       cstackCOMMON 07A
LT89XX_INIT@CFG_CNT                cstackCOMMON 077
LT89xx_ModeSet@dat1                cstackCOMMON 077
LT_ReadBUF_ble@i                   cstackCOMMON 079
LT_ReadBUF_ble@lenth               cstackCOMMON 075
LT_ReadBUF_ble@pBuf                cstackCOMMON 074
LT_ReadBUF_ble@reg                 cstackCOMMON 078
LT_ReadReg@reg                     cstackCOMMON 074
LT_WriteBUF_ble@i                  cstackCOMMON 078
LT_WriteBUF_ble@len                cstackCOMMON 075
LT_WriteBUF_ble@pBuf               cstackCOMMON 074
LT_WriteBUF_ble@reg                cstackCOMMON 077
LT_WriteReg@H                      cstackCOMMON 074
LT_WriteReg@L                      cstackCOMMON 075
LT_WriteReg@reg                    cstackCOMMON 076
SPI_ReadByte@mcnt                  cstackCOMMON 073
SPI_ReadByte@retvalue              cstackCOMMON 072
SPI_SendByte@buf                   cstackCOMMON 072
SPI_SendByte@mcnt                  cstackCOMMON 073
_ADCON0                            (abs)        01F
_ADCON1                            (abs)        09F
_ANSEL                             (abs)        091
_C1SEN                             (abs)        CF5
_C2REN                             (abs)        CF4
_CMCON0                            (abs)        019
_DELAY_MS                          text815      47B
_EEPGD                             (abs)        C67
_GIE                               (abs)        05F
_INTCON                            (abs)        00B
_ISR                               text817      3C4
_Init                              text816      32A
_LDT8900config                     strings      011
_LT8920_ble_rx                     text791      4E4
_LT8920_ble_rx_enable              text794      4A2
_LT8920_ble_rx_start               text796      2CC
_LT8920_ble_to_localdata           text809      21B
_LT8920_ble_tx                     text793      404
_LT8920_ble_tx_enable              text798      4C5
_LT8920_ble_tx_start               text797      29A
_LT8920_ble_write_reg              text801      51B
_LT8920_pdudata_white              text810      25C
_LT8920_read_ble_fifo              text795      37B
_LT8920_work_sta                   bssBANK0     022
_LT8920_write_ble_fifo             text800      528
_LT89XX_INIT                       text803      2FD
_LT89xx_ModeSet                    text802      186
_LT_ReadBUF_ble                    text805      452
_LT_ReadReg                        text808      509
_LT_WriteBUF_ble                   text806      3E6
_LT_WriteReg                       text807      4FE
_MSCKCON                           (abs)        01B
_OPTION                            (abs)        081
_OSCCON                            (abs)        08F
_PDUDATA                           dataBANK0    043
_PEIE                              (abs)        05E
_PORTA                             (abs)        005
_PORTC                             (abs)        007
_PSTRCON                           (abs)        19D
_PULSR                             (abs)        CF2
_PULSS                             (abs)        CF3
_RA5                               (abs)        02D
_RA6                               (abs)        02E
_RA7                               (abs)        02F
_RC2                               (abs)        03A
_RC3                               (abs)        03B
_RC4                               (abs)        03C
_RC5                               (abs)        03D
_RXADVDATA                         bssBANK0     026
_RegH                              bssCOMMON    07B
_RegL                              bssBANK0     023
_SPI_ReadByte                      text812      467
_SPI_SendByte                      text813      48F
_SR0                               (abs)        CF6
_SR1                               (abs)        CF7
_SRCON                             (abs)        19E
_STRA                              (abs)        CE8
_STRB                              (abs)        CE9
_STRC                              (abs)        CEA
_STRD                              (abs)        CEB
_STRSYNC                           (abs)        CEC
_T1CON                             (abs)        010
_TMR1H                             (abs)        00F
_TMR1IE                            (abs)        460
_TMR1IF                            (abs)        060
_TMR1L                             (abs)        00E
_TMR1ON                            (abs)        080
_TRISA                             (abs)        085
_TRISC                             (abs)        087
_WHITE_INDEX37                     strings      077
_WHITE_INDEX38                     strings      09E
_WHITE_INDEX39                     strings      0C5
_WPUA                              (abs)        095
_WPUC                              (abs)        088
_WREN                              (abs)        C62
__Habs1                            abs1         000
__Hbank0                           bank0        000
__Hbank1                           bank1        000
__Hbank2                           bank2        000
__HbssBANK0                        bssBANK0     000
__HbssCOMMON                       bssCOMMON    000
__Hcinit                           cinit        000
__Hclrtext                         clrtext      000
__Hcode                            code         000
__Hcommon                          common       000
__Hconfig                          config       000
__HcstackBANK0                     cstackBANK0  000
__HcstackCOMMON                    cstackCOMMON 000
__HdataBANK0                       dataBANK0    000
__Heeprom_data                     eeprom_data  000
__Hend_init                        end_init     00B
__Hfunctab                         functab      000
__HidataBANK0                      idataBANK0   000
__Hidloc                           idloc        000
__Hinit                            init         00A
__Hinittext                        inittext     000
__Hintentry                        intentry     00A
__Hmaintext                        maintext     000
__Hpa_nodes                        pa_nodes     000
__Hpowerup                         powerup      000
__Hram                             ram          000
__Hreset_vec                       reset_vec    001
__Hsfr0                            sfr0         000
__Hsfr1                            sfr1         000
__Hsfr2                            sfr2         000
__Hstrings                         strings      000
__Htext                            text         000
__Labs1                            abs1         000
__Lbank0                           bank0        000
__Lbank1                           bank1        000
__Lbank2                           bank2        000
__LbssBANK0                        bssBANK0     000
__LbssCOMMON                       bssCOMMON    000
__Lcinit                           cinit        000
__Lclrtext                         clrtext      000
__Lcode                            code         000
__Lcommon                          common       000
__Lconfig                          config       000
__LcstackBANK0                     cstackBANK0  000
__LcstackCOMMON                    cstackCOMMON 000
__LdataBANK0                       dataBANK0    000
__Leeprom_data                     eeprom_data  000
__Lend_init                        end_init     00A
__Lfunctab                         functab      000
__LidataBANK0                      idataBANK0   000
__Lidloc                           idloc        000
__Linit                            init         00A
__Linittext                        inittext     000
__Lintentry                        intentry     004
__Lmaintext                        maintext     000
__Lpa_nodes                        pa_nodes     000
__Lpowerup                         powerup      000
__Lram                             ram          000
__Lreset_vec                       reset_vec    000
__Lsfr0                            sfr0         000
__Lsfr1                            sfr1         000
__Lsfr2                            sfr2         000
__Lstrings                         strings      000
__Ltext                            text         000
__S0                               (abs)        52E
__S1                               (abs)        07C
__S2                               (abs)        000
__end_of_DELAY_MS                  text815      48F
__end_of_ISR                       text817      3E6
__end_of_Init                      text816      354
__end_of_LT8920_ble_rx             text791      4F2
__end_of_LT8920_ble_rx_enable      text794      4B4
__end_of_LT8920_ble_rx_start       text796      2F9
__end_of_LT8920_ble_to_localdata   text809      245
__end_of_LT8920_ble_tx             text793      420
__end_of_LT8920_ble_tx_enable      text798      4D5
__end_of_LT8920_ble_tx_start       text797      2C6
__end_of_LT8920_ble_write_reg      text801      522
__end_of_LT8920_pdudata_white      text810      289
__end_of_LT8920_read_ble_fifo      text795      399
__end_of_LT8920_write_ble_fifo     text800      52E
__end_of_LT89XX_INIT               text803      32A
__end_of_LT89xx_ModeSet            text802      1C8
__end_of_LT_ReadBUF_ble            text805      467
__end_of_LT_ReadReg                text808      513
__end_of_LT_WriteBUF_ble           text806      404
__end_of_LT_WriteReg               text807      509
__end_of_SPI_ReadByte              text812      47B
__end_of_SPI_SendByte              text813      4A2
__end_of_ble_chanel_scan           text792      21B
__end_of_ble_read_fifo             text799      528
__end_of_check_sum                 text814      37B
__end_of_get_crc                   text804      186
__end_of_main                      maintext     452
__end_of_roll_data                 text811      3C4
__pbssBANK0                        bssBANK0     020
__pbssCOMMON                       bssCOMMON    07B
__pcstackBANK0                     cstackBANK0  05D
__pcstackCOMMON                    cstackCOMMON 070
__pdataBANK0                       dataBANK0    043
__pidataBANK0                      idataBANK0   420
__pintentry                        intentry     004
__pmaintext                        maintext     43A
__pstrings                         strings      00B
__pswtext1                         swtext1      4F2
__ptext791                         text791      4E4
__ptext792                         text792      1D2
__ptext793                         text793      404
__ptext794                         text794      4A2
__ptext795                         text795      37B
__ptext796                         text796      2CC
__ptext797                         text797      29A
__ptext798                         text798      4C5
__ptext799                         text799      522
__ptext800                         text800      528
__ptext801                         text801      51B
__ptext802                         text802      186
__ptext803                         text803      2FD
__ptext804                         text804      0EC
__ptext805                         text805      452
__ptext806                         text806      3E6
__ptext807                         text807      4FE
__ptext808                         text808      509
__ptext809                         text809      21B
__ptext810                         text810      25C
__ptext811                         text811      3A0
__ptext812                         text812      467
__ptext813                         text813      48F
__ptext814                         text814      354
__ptext815                         text815      47B
__ptext816                         text816      32A
__ptext817                         text817      3C4
__ptext818                         text818      000
__size_of_DELAY_MS                 (abs)        000
__size_of_ISR                      (abs)        000
__size_of_Init                     (abs)        000
__size_of_LT8920_ble_rx            (abs)        000
__size_of_LT8920_ble_rx_enable     (abs)        000
__size_of_LT8920_ble_rx_start      (abs)        000
__size_of_LT8920_ble_to_localdata  (abs)        000
__size_of_LT8920_ble_tx            (abs)        000
__size_of_LT8920_ble_tx_enable     (abs)        000
__size_of_LT8920_ble_tx_start      (abs)        000
__size_of_LT8920_ble_write_reg     (abs)        000
__size_of_LT8920_pdudata_white     (abs)        000
__size_of_LT8920_read_ble_fifo     (abs)        000
__size_of_LT8920_write_ble_fifo    (abs)        000
__size_of_LT89XX_INIT              (abs)        000
__size_of_LT89xx_ModeSet           (abs)        000
__size_of_LT_ReadBUF_ble           (abs)        000
__size_of_LT_ReadReg               (abs)        000
__size_of_LT_WriteBUF_ble          (abs)        000
__size_of_LT_WriteReg              (abs)        000
__size_of_SPI_ReadByte             (abs)        000
__size_of_SPI_SendByte             (abs)        000
__size_of_ble_chanel_scan          (abs)        000
__size_of_ble_read_fifo            (abs)        000
__size_of_check_sum                (abs)        000
__size_of_get_crc                  (abs)        000
__size_of_main                     (abs)        000
__size_of_roll_data                (abs)        000
_ble_chanel_scan                   text792      1D2
_ble_read_fifo                     text799      522
_check_sum                         text814      354
_exit                              init         00A
_get_crc                           text804      0EC
_ledsta                            bssBANK0     024
_main                              maintext     43A
_roll_data                         text811      3A0
_rxflag                            bssBANK0     025
_rxtimeout                         bssBANK0     020
ble_chanel_scan@chanel             cstackBANK0  062
ble_chanel_scan@i                  cstackBANK0  063
ble_read_fifo@buf                  cstackBANK0  05D
ble_read_fifo@len                  cstackCOMMON 07A
btemp                              (abs)        07E
check_sum@buf                      cstackCOMMON 076
check_sum@i                        cstackCOMMON 077
check_sum@len                      cstackCOMMON 072
check_sum@sum                      cstackCOMMON 075
clear_ram                          clrtext      513
end_of_initialization              cinit        4C3
get_crc@c0                         cstackBANK0  062
get_crc@c1                         cstackBANK0  063
get_crc@c2                         cstackBANK0  064
get_crc@e                          cstackBANK0  067
get_crc@i                          cstackBANK0  065
get_crc@lenth                      cstackCOMMON 076
get_crc@user_data_buf              cstackBANK0  066
i1l1109                                            
i1l4969                                            
i1l4975                                            
i1l4977                                            
i1l4979                                            
init_fetch                         inittext     4D5
init_ram                           inittext     4D9
interrupt_function                 intentry     004
intlevel0                          functab      000
intlevel1                          functab      000
intlevel2                          functab      000
intlevel3                          functab      000
intlevel4                          functab      000
intlevel5                          functab      000
l1112                                              
l1125                                              
l1140                                              
l1145                                              
l2229                                              
l2236                                              
l2243                                              
l2246                                              
l2249                                              
l2267                                              
l2273                                              
l2282                                              
l3370                                              
l3373                                              
l3376                                              
l3394                                              
l3400                                              
l3437                                              
l3445                                              
l3448                                              
l4985                                              
l4987                                              
l4989                                              
l4991                                              
l4993                                              
l4995                                              
l4997                                              
l4999                                              
l5001                                              
l5003                                              
l5005                                              
l5007                                              
l5009                                              
l5011                                              
l5013                                              
l5015                                              
l5017                                              
l5019                                              
l5029                                              
l5033                                              
l5077                                              
l5093                                              
l5099                                              
l5109                                              
l5119                                              
l5437                                              
l5445                                              
l5447                                              
l5449                                              
l5451                                              
l5461                                              
l5463                                              
l5467                                              
l5473                                              
l5483                                              
l5493                                              
l5497                                              
l5499                                              
l5501                                              
l5503                                              
l5505                                              
l5507                                              
l5509                                              
l5511                                              
l5513                                              
l5517                                              
l5521                                              
l5523                                              
l5525                                              
l5529                                              
l5533                                              
l5535                                              
l5539                                              
l5541                                              
l5543                                              
l5545                                              
l5551                                              
l5553                                              
l5555                                              
l5563                                              
l5565                                              
l5569                                              
l5575                                              
l5599                                              
l5601                                              
l5603                                              
l5605                                              
l5607                                              
l5609                                              
l5611                                              
l5613                                              
l5627                                              
l5639                                              
l5641                                              
l5643                                              
l5655                                              
l5657                                              
l5659                                              
l5661                                              
l5663                                              
l5665                                              
l5667                                              
l5669                                              
l5671                                              
l5679                                              
l5683                                              
l5697                                              
l5705                                              
l5707                                              
l5713                                              
l5715                                              
l5717                                              
l5725                                              
l5727                                              
l5729                                              
l5731                                              
l5733                                              
l5735                                              
l5741                                              
l5743                                              
l5745                                              
l5747                                              
l5749                                              
reset_vec                          reset_vec    000
roll_data@i                        cstackCOMMON 075
roll_data@roll_in                  cstackCOMMON 073
roll_data@roll_out                 cstackCOMMON 074
saved_w                            (abs)        07E
start                              init         00A
start_initialization               cinit        4B4
wtemp0                             (abs)        07E
